// Jest Snapshot v1, https://goo.gl/fbAQLP

exports[`FilterInput with normal props 1`] = `"<div class=\\"filterInput-container\\"><div class=\\"filterInput-label\\">Location</div><div class=\\"ui action input\\"><input placeholder=\\"London, Uk\\" name=\\"location\\" type=\\"text\\"><button class=\\"ui icon button\\"><i aria-hidden=\\"true\\" class=\\"search icon\\"></i></button></div></div>"`;
